Resolving dependencies...
Downloading packages...
+ async 2.13.1
+ boolean_selector 2.1.2
+ characters 1.4.1
+ clock 1.1.3
+ collection 1.19.1
+ cross_file 0.3.5+5 (0.4.0 available)
+ fake_async 1.3.3
+ file_selector 1.1.0
+ file_selector_android 0.5.2+11
+ file_selector_ios 0.5.3+6
+ file_selector_linux 0.9.4+1
+ file_selector_macos 0.9.5+1
+ file_selector_platform_interface 2.7.0
+ file_selector_web 0.9.5
+ file_selector_windows 0.9.3+6
+ flutter 0.0.0 from sdk flutter
+ flutter_lints 6.0.0
+ flutter_plugin_android_lifecycle 2.0.35
+ flutter_test 0.0.0 from sdk flutter
+ flutter_web_plugins 0.0.0 from sdk flutter
+ http 1.6.0
+ http_parser 4.1.2
+ image_picker 1.2.3
+ image_picker_android 0.8.13+23
+ image_picker_for_web 3.1.1
+ image_picker_ios 0.8.13+8
+ image_picker_linux 0.2.2
+ image_picker_macos 0.2.2+1
+ image_picker_platform_interface 2.11.1
+ image_picker_windows 0.2.2
+ leak_tracker 11.0.2
+ leak_tracker_flutter_testing 3.0.10
+ leak_tracker_testing 3.0.2
+ lints 6.1.0
+ matcher 0.12.20
+ material_color_utilities 0.13.0 (0.13.1 available)
+ meta 1.19.0
+ mime 2.1.0
+ path 1.9.1
+ plugin_platform_interface 2.1.8
+ sky_engine 0.0.0 from sdk flutter
+ source_span 1.10.2
+ stack_trace 1.12.2
+ stream_channel 2.1.4
+ string_scanner 1.4.1
+ term_glyph 1.2.2
+ test_api 0.7.12 (0.7.14 available)
+ typed_data 1.4.0
+ url_launcher 6.3.2
+ url_launcher_android 6.3.33
+ url_launcher_ios 6.4.2
+ url_launcher_linux 3.2.3
+ url_launcher_macos 3.2.6
+ url_launcher_platform_interface 2.3.2
+ url_launcher_web 2.4.3
+ url_launcher_windows 3.1.6
+ vector_math 2.4.3
+ vm_service 15.3.0
+ web 1.1.1
+ webview_flutter 4.14.1
+ webview_flutter_android 4.14.1
+ webview_flutter_platform_interface 2.15.1
+ webview_flutter_wkwebview 3.26.2
Changed 63 dependencies!
3 packages have newer versions incompatible with dependency constraints.
Try `flutter pub outdated` for more information.
Upgrading analysis_options.yaml to exclude build and platform directories.
